============================= test session starts =============================
platform win32 -- Python 3.14.2, pytest-9.0.2, pluggy-1.6.0 -- C:\Users\vnykj\OneDrive\Desktop\EUREKA\.venv\Scripts\python.exe
cachedir: .pytest_cache
rootdir: C:\Users\vnykj\OneDrive\Desktop\EUREKA
configfile: pytest.ini
plugins: anyio-4.12.1, langsmith-0.7.4, asyncio-1.3.0
asyncio: mode=Mode.AUTO, debug=False, asyncio_default_fixture_loop_scope=None, asyncio_default_test_loop_scope=function
collecting ... collected 0 items / 1 error

=================================== ERRORS ====================================
__________________ ERROR collecting tests/test_endpoints.py ___________________
ImportError while importing test module 'C:\Users\vnykj\OneDrive\Desktop\EUREKA\tests\test_endpoints.py'.
Hint: make sure your test modules/packages have valid Python names.
Traceback:
..\..\..\AppData\Local\Programs\Python\Python314\Lib\importlib\__init__.py:88: in import_module
    return _bootstrap._gcd_import(name[level:], package, level)
           ^^^^^^^^^^^^^^^^^^^^^^^^^^^^^^^^^^^^^^^^^^^^^^^^^^^^
tests\test_endpoints.py:13: in <module>
    from langchain.schema import Document
E   ModuleNotFoundError: No module named 'langchain.schema'
=========================== short test summary info ===========================
ERROR tests/test_endpoints.py
!!!!!!!!!!!!!!!!!!! Interrupted: 1 error during collection !!!!!!!!!!!!!!!!!!!!
============================== 1 error in 0.33s ===============================
